       4      29     173 tests/inputs/atlama1.txt
